Microchip MPLAB XC8 Compiler V1.34 ()

Linker command line:

--edf=C:\Program Files (x86)\Microchip\xc8\v1.34\dat\en_msgs.txt -cs \
  -h+dist/default/production\ExTaskMgr_PIC.X.production.sym \
  --cmf=dist/default/production\ExTaskMgr_PIC.X.production.cmf -z -Q16F628A \
  -oC:\Users\Pedro\AppData\Local\Temp\sb4g.6 \
  -Mdist/default/production/ExTaskMgr_PIC.X.production.map -E1 -ver=XC8 \
  -ASTACK=0A0h-0efh -pstack=STACK -ACODE=00h-07FFh -ASTRCODE=00h-07FFh \
  -ASTRING=00h-0FFhx8 -ACONST=00h-0FFhx8 -AENTRY=00h-0FFhx8 \
  -ACOMMON=070h-07Fh -ABANK0=020h-06Fh -ABANK1=0A0h-0EFh \
  -ABANK2=0120h-014Fh -ARAM=020h-06Fh,0A0h-0EFh,0120h-014Fh \
  -AABS1=020h-07Fh,0A0h-0EFh,0120h-014Fh -ASFR0=00h-01Fh -ASFR1=080h-09Fh \
  -ASFR2=0100h-011Fh -ASFR3=0180h-01EFh \
  -preset_vec=00h,intentry=04h,init,end_init -ppowerup=CODE -pcinit=CODE \
  -pfunctab=CODE -ACONFIG=02007h-02007h -pconfig=CONFIG -DCONFIG=2 \
  -AIDLOC=02000h-02003h -pidloc=IDLOC -DIDLOC=2 -AEEDATA=00h-07Fh/02100h \
  -peeprom_data=EEDATA -DEEDATA=2 -DCODE=2 -DSTRCODE=2 -DSTRING=2 -DCONST=2 \
  -DENTRY=2 -k C:\Users\Pedro\AppData\Local\Temp\sb4g.obj \
  dist/default/production\ExTaskMgr_PIC.X.production.obj 

Object code version is 3.11

Machine type is 16F628A



                Name                               Link     Load   Length Selector   Space Scale
C:\Users\Pedro\AppData\Local\Temp\sb4g.obj
                end_init                             10       10        1        8       0
                reset_vec                             0        0        1        0       0
                config                             2007     2007        1     400E       0
dist/default/production\ExTaskMgr_PIC.X.production.obj
                cinit                                11       11        B        8       0
                functab                             100      100        A        2       0
                intentry                              4        4        C        8       0
                text15                              175      175       5B        2       0
                text14                              2D2      2D2       10        2       0
                text13                              10A      10A       6B        2       0
                swtext1                              4A       4A        3       94       0
                text12                              24A      24A       24        2       0
                text11                              310      310        5        2       0
                text10                              30A      30A        6        2       0
                text9                               26E      26E       21        2       0
                text8                               2C1      2C1       11        2       0
                text7                               302      302        8        2       0
                text6                               2F0      2F0        A        2       0
                text5                               2AA      2AA       17        2       0
                text4                               315      315        2        2       0
                text3                               2E2      2E2        E        2       0
                text2                               1D0      1D0       46        2       0
                text1                               216      216       34        2       0
                maintext                            28F      28F       1B        2       0
                cstackBANK0                          3C       3C        B       20       1
                cstackCOMMON                         70       70        8       70       1
                clrtext                             2FA      2FA        8        2       0
                bssBANK0                             20       20       1C       20       1
                bssCOMMON                            78       78        4       70       1
                strings                              1C       1C       2E       38       0

TOTAL           Name                               Link     Load   Length     Space
        CLASS   STACK          

        CLASS   CODE           
                end_init                             10       10        1         0
                cinit                                11       11        B         0
                functab                             100      100        A         0
                intentry                              4        4        C         0
                reset_vec                             0        0        1         0
                text15                              175      175       5B         0
                text14                              2D2      2D2       10         0
                text13                              10A      10A       6B         0
                text12                              24A      24A       24         0
                text11                              310      310        5         0
                text10                              30A      30A        6         0
                text9                               26E      26E       21         0
                text8                               2C1      2C1       11         0
                text7                               302      302        8         0
                text6                               2F0      2F0        A         0
                text5                               2AA      2AA       17         0
                text4                               315      315        2         0
                text3                               2E2      2E2        E         0
                text2                               1D0      1D0       46         0
                text1                               216      216       34         0
                maintext                            28F      28F       1B         0
                clrtext                             2FA      2FA        8         0

        CLASS   STRCODE        

        CLASS   STRING         
                strings                              1C       1C       2E         0

        CLASS   CONST          
                swtext1                              4A       4A        3         0

        CLASS   ENTRY          

        CLASS   COMMON         
                cstackCOMMON                         70       70        8         1
                bssCOMMON                            78       78        4         1

        CLASS   BANK0          
                cstackBANK0                          3C       3C        B         1
                bssBANK0                             20       20       1C         1

        CLASS   BANK1          

        CLASS   BANK2          

        CLASS   RAM            

        CLASS   ABS1           
                abs_s1                               7E       7E        2         1

        CLASS   SFR0           

        CLASS   SFR1           

        CLASS   SFR2           

        CLASS   SFR3           

        CLASS   CONFIG         
                config                             2007     2007        1         0

        CLASS   IDLOC          

        CLASS   EEDATA         

        CLASS   BANK3          



SEGMENTS        Name                           Load    Length   Top    Selector   Space  Class     Delta

                reset_vec                      000000  000001  000001         0       0  CODE        2
                intentry                       000004  000018  00001C         8       0  CODE        2
                bssBANK0                       000020  000027  000047        20       1  BANK0       1
                strings                        00001C  00002E  00004A        38       0  STRING      2
                cstackCOMMON                   000070  00000C  00007C        70       1  COMMON      1
                swtext1                        00004A  000003  00004D        94       0  CONST       2
                functab                        000100  000217  000317         2       0  CODE        2
                config                         002007  000001  002008      400E       0  CONFIG      2


UNUSED ADDRESS RANGES

        Name                Unused          Largest block    Delta
        BANK0            0047-006F             29           1
        BANK1            00A0-00EF             50           1
        BANK2            0120-014F             30           1
        CODE             0001-0003              3           2
                         004D-00FF             B3
                         0317-07FF            4E9
        COMMON           007C-007D              2           1
        CONST            0001-0003              3           2
                         004D-00FF             B3
                         0317-07FF            100
        EEDATA           2100-217F             80           2
        ENTRY            0001-0003              3           2
                         004D-00FF             B3
                         0317-07FF            100
        IDLOC            2000-2003              4           2
        RAM              0047-006F             29           1
                         00A0-00EF             50
                         0120-014F             30
        SFR0             0000-001F             20           1
        SFR1             0080-009F             20           1
        SFR2             0100-011F             20           1
        SFR3             0180-01EF             70           1
        STACK            00A0-00EF             50           1
        STRCODE          0001-0003              3           2
                         004D-00FF             B3
                         0317-07FF            4E9
        STRING           0001-0003              3           2
                         004D-00FF             B3
                         0317-07FF            100

                                  Symbol Table

ConvertValue@Value                   cstackBANK0  003E
EnableOrDisableTimeCounter@YesOrNo   cstackBANK0  003D
ExecuteTask@i                        cstackBANK0  0046
SetValuesDisplays@FirstValue         cstackBANK0  003F
SetValuesDisplays@SecondValue        cstackBANK0  003C
SetValuesDisplays@ThirdValue         cstackBANK0  003D
WriteDisplay@DisplayToWrite          cstackBANK0  003F
WriteDisplay@Value                   cstackBANK0  0040
_ConfigTimer0                        text14       02D2
_ConvertValue                        text13       010A
_DisplayValue                        bssBANK0     0034
_EnableOrDisableTimeCounter          text7        0302
_EnableTimeCounter                   bssCOMMON    007A
_ExecuteTask                         text2        01D0
_INTCONbits                          (abs)        000B
_InitTasks                           text1        0216
_InitTimeCounter                     text10       030A
_NumerosBCD                          strings      0022
_OPTION_REGbits                      (abs)        0081
_PCL                                 (abs)        0002
_PCLATH                              (abs)        000A
_PORTB                               (abs)        0006
_RA0                                 (abs)        0028
_RB0                                 (abs)        0030
_RB1                                 (abs)        0031
_RB2                                 (abs)        0032
_RB3                                 (abs)        0033
_RB4                                 (abs)        0034
_RB5                                 (abs)        0035
_RB6                                 (abs)        0036
_RB7                                 (abs)        0037
_RecentDisplay                       bssBANK0     003A
_RecentTasksTimeToExecute            bssBANK0     0020
_RefreshBreathingLight               text11       0310
_RefreshTimeCounter                  text9        026E
_ScheduledTasks                      bssBANK0     0030
_SetValuesDisplays                   text8        02C1
_T0IF                                (abs)        005A
_TMR0                                (abs)        0001
_TMR0IF                              (abs)        005A
_TRISA                               (abs)        0085
_TRISB                               (abs)        0086
_Task1                               text5        02AA
_Task2                               text4        0315
_Task3                               text3        02E2
_Task4                               text6        02F0
_TaskIsExecuting                     bssCOMMON    007B
_TaskTimeout                         bssCOMMON    0078
_TimeCounterValue                    bssBANK0     0037
_TimeScheduledTasks                  bssBANK0     0028
_Timer0IntGeneraed                   bssBANK0     003B
_WriteDisplay                        text12       024A
__CFG_BOREN$OFF                      (abs)        0000
__CFG_CP$OFF                         (abs)        0000
__CFG_CPD$OFF                        (abs)        0000
__CFG_FOSC$XT                        (abs)        0000
__CFG_LVP$OFF                        (abs)        0000
__CFG_MCLRE$OFF                      (abs)        0000
__CFG_PWRTE$OFF                      (abs)        0000
__CFG_WDTE$OFF                       (abs)        0000
__Habs1                              abs1         0000
__Hbank0                             bank0        0000
__Hbank1                             bank1        0000
__Hbank2                             bank2        0000
__Hbank3                             bank3        0000
__HbssBANK0                          bssBANK0     0000
__HbssCOMMON                         bssCOMMON    0000
__Hcinit                             cinit        001C
__Hclrtext                           clrtext      0000
__Hcode                              code         0000
__Hcommon                            common       0000
__Hconfig                            config       2008
__HcstackBANK0                       cstackBANK0  0000
__HcstackCOMMON                      cstackCOMMON 0000
__Heeprom_data                       eeprom_data  0000
__Hend_init                          end_init     0011
__Hfunctab                           functab      010A
__Hidloc                             idloc        0000
__Hinit                              init         0010
__Hintentry                          intentry     0010
__Hmaintext                          maintext     0000
__Hpowerup                           powerup      0000
__Hram                               ram          0000
__Hreset_vec                         reset_vec    0001
__Hsfr0                              sfr0         0000
__Hsfr1                              sfr1         0000
__Hsfr2                              sfr2         0000
__Hsfr3                              sfr3         0000
__Hspace_0                           (abs)        2008
__Hspace_1                           (abs)        007C
__Hspace_2                           (abs)        0000
__Hspace_3                           (abs)        0000
__Hstack                             stack        0000
__Hstrings                           strings      0000
__Htext                              text         0000
__Labs1                              abs1         0000
__Lbank0                             bank0        0000
__Lbank1                             bank1        0000
__Lbank2                             bank2        0000
__Lbank3                             bank3        0000
__LbssBANK0                          bssBANK0     0000
__LbssCOMMON                         bssCOMMON    0000
__Lcinit                             cinit        0011
__Lclrtext                           clrtext      0000
__Lcode                              code         0000
__Lcommon                            common       0000
__Lconfig                            config       2007
__LcstackBANK0                       cstackBANK0  0000
__LcstackCOMMON                      cstackCOMMON 0000
__Leeprom_data                       eeprom_data  0000
__Lend_init                          end_init     0010
__Lfunctab                           functab      0100
__Lidloc                             idloc        0000
__Linit                              init         0010
__Lintentry                          intentry     0004
__Lmaintext                          maintext     0000
__Lpowerup                           powerup      0000
__Lram                               ram          0000
__Lreset_vec                         reset_vec    0000
__Lsfr0                              sfr0         0000
__Lsfr1                              sfr1         0000
__Lsfr2                              sfr2         0000
__Lsfr3                              sfr3         0000
__Lspace_0                           (abs)        0000
__Lspace_1                           (abs)        0000
__Lspace_2                           (abs)        0000
__Lspace_3                           (abs)        0000
__Lstack                             stack        0000
__Lstrings                           strings      0000
__Ltext                              text         0000
__S0                                 (abs)        2008
__S1                                 (abs)        007C
__S2                                 (abs)        0000
__S3                                 (abs)        0000
___int_sp                            stack        0000
___latbits                           (abs)        0000
___sp                                stack        0000
__end_of_ConfigTimer0                text14       02E2
__end_of_ConvertValue                text13       0175
__end_of_EnableOrDisableTimeCounter  text7        030A
__end_of_ExecuteTask                 text2        0216
__end_of_InitTasks                   text1        024A
__end_of_InitTimeCounter             text10       0310
__end_of_NumerosBCD                  strings      004A
__end_of_RefreshBreathingLight       text11       0315
__end_of_RefreshTimeCounter          text9        028F
__end_of_SetValuesDisplays           text8        02D2
__end_of_Task1                       text5        02C1
__end_of_Task2                       text4        0317
__end_of_Task3                       text3        02F0
__end_of_Task4                       text6        02FA
__end_of_WriteDisplay                text12       026E
__end_of__fptable                    functab      010A
__end_of__initialization             cinit        001A
__end_of__stringtab                  strings      0022
__end_of_isr                         text15       01D0
__end_of_main                        maintext     02AA
__fptable                            functab      0100
__initialization                     cinit        0011
__pbssBANK0                          bssBANK0     0020
__pbssCOMMON                         bssCOMMON    0078
__pcstackBANK0                       cstackBANK0  003C
__pcstackCOMMON                      cstackCOMMON 0070
__pfunctab                           functab      0100
__pintentry                          intentry     0004
__pmaintext                          maintext     028F
__pstrings                           strings      001C
__pswtext1                           swtext1      004A
__ptext1                             text1        0216
__ptext10                            text10       030A
__ptext11                            text11       0310
__ptext12                            text12       024A
__ptext13                            text13       010A
__ptext14                            text14       02D2
__ptext15                            text15       0175
__ptext2                             text2        01D0
__ptext3                             text3        02E2
__ptext4                             text4        0315
__ptext5                             text5        02AA
__ptext6                             text6        02F0
__ptext7                             text7        0302
__ptext8                             text8        02C1
__ptext9                             text9        026E
__size_of_ConfigTimer0               (abs)        0000
__size_of_ConvertValue               (abs)        0000
__size_of_EnableOrDisableTimeCounter (abs)        0000
__size_of_ExecuteTask                (abs)        0000
__size_of_InitTasks                  (abs)        0000
__size_of_InitTimeCounter            (abs)        0000
__size_of_RefreshBreathingLight      (abs)        0000
__size_of_RefreshTimeCounter         (abs)        0000
__size_of_SetValuesDisplays          (abs)        0000
__size_of_Task1                      (abs)        0000
__size_of_Task2                      (abs)        0000
__size_of_Task3                      (abs)        0000
__size_of_Task4                      (abs)        0000
__size_of_WriteDisplay               (abs)        0000
__size_of__fptable                   (abs)        0000
__size_of_isr                        (abs)        0000
__size_of_main                       (abs)        0000
__stringbase                         strings      0021
__stringtab                          strings      001C
_isr                                 text15       0175
_main                                maintext     028F
btemp                                (abs)        007E
clear_ram0                           clrtext      02FA
end_of_initialization                cinit        001A
fpbase                               functab      0105
fptable                              functab      0100
fptotal                              (abs)        0008
interrupt_function                   intentry     0004
intlevel0                            functab      0100
intlevel1                            functab      0100
intlevel2                            functab      0100
intlevel3                            functab      0100
intlevel4                            functab      0100
intlevel5                            functab      0100
isr@i                                cstackCOMMON 0077
ltemp                                (abs)        007E
ltemp0                               (abs)        007E
ltemp1                               (abs)        0082
ltemp2                               (abs)        0086
ltemp3                               (abs)        0080
reset_vec                            reset_vec    0000
saved_w                              (abs)        007E
stackhi                              (abs)        0000
stacklo                              (abs)        0000
start                                init         0010
start_initialization                 cinit        0011
ttemp                                (abs)        007E
ttemp0                               (abs)        007E
ttemp1                               (abs)        0081
ttemp2                               (abs)        0084
ttemp3                               (abs)        0087
ttemp4                               (abs)        007F
wtemp                                (abs)        007E
wtemp0                               (abs)        007E
wtemp1                               (abs)        0080
wtemp2                               (abs)        0082
wtemp3                               (abs)        0084
wtemp4                               (abs)        0086
wtemp5                               (abs)        0088
wtemp6                               (abs)        007F


FUNCTION INFORMATION:

 *************** function _main *****************
 Defined at:
		line 230 in file "MainTaskMng.c"
 Parameters:    Size  Location     Type
		None
 Auto vars:     Size  Location     Type
		None
 Return value:  Size  Location     Type
		None               void
 Registers used:
		wreg, fsr0l, fsr0h, status,2, status,0, pclath, cstack
 Tracked objects:
		On entry : 
		On exit  : 
		Unchanged: 
 Data sizes:     COMMON   BANK0   BANK1   BANK2
      Params:         0       0       0       0
      Locals:         0       0       0       0
      Temps:          0       0       0       0
      Totals:         0       0       0       0
Total ram usage:        0 bytes
 Hardware stack levels required when called:    6
 This function calls:
		_ConfigTimer0
		_ExecuteTask
		_InitTasks
		_InitTimeCounter
		_SetValuesDisplays
 This function is called by:
		Startup code after reset
 This function uses a non-reentrant model


 *************** function _InitTasks *****************
 Defined at:
		line 105 in file "MainTaskMng.c"
 Parameters:    Size  Location     Type
		None
 Auto vars:     Size  Location     Type
		None
 Return value:  Size  Location     Type
		None               void
 Registers used:
		wreg, status,2
 Tracked objects:
		On entry : 
		On exit  : 
		Unchanged: 
 Data sizes:     COMMON   BANK0   BANK1   BANK2
      Params:         0       0       0       0
      Locals:         0       0       0       0
      Temps:          0       1       0       0
      Totals:         0       1       0       0
Total ram usage:        1 bytes
 Hardware stack levels used:    1
 Hardware stack levels required when called:    1
 This function calls:
		Nothing
 This function is called by:
		_main
 This function uses a non-reentrant model


 *************** function _ExecuteTask *****************
 Defined at:
		line 132 in file "MainTaskMng.c"
 Parameters:    Size  Location     Type
		None
 Auto vars:     Size  Location     Type
  i               1   10[BANK0 ] unsigned char 
 Return value:  Size  Location     Type
		None               void
 Registers used:
		wreg, fsr0l, fsr0h, status,2, status,0, pclath, cstack
 Tracked objects:
		On entry : 
		On exit  : 
		Unchanged: 
 Data sizes:     COMMON   BANK0   BANK1   BANK2
      Params:         0       0       0       0
      Locals:         0       1       0       0
      Temps:          0       4       0       0
      Totals:         0       5       0       0
Total ram usage:        5 bytes
 Hardware stack levels used:    1
 Hardware stack levels required when called:    5
 This function calls:
		_Task1
		_Task2
		_Task3
		_Task4
 This function is called by:
		_main
 This function uses a non-reentrant model


 *************** function _Task3 *****************
 Defined at:
		line 173 in file "MainTaskMng.c"
 Parameters:    Size  Location     Type
		None
 Auto vars:     Size  Location     Type
		None
 Return value:  Size  Location     Type
		None               void
 Registers used:
		wreg, status,2, status,0, pclath, cstack
 Tracked objects:
		On entry : 
		On exit  : 
		Unchanged: 
 Data sizes:     COMMON   BANK0   BANK1   BANK2
      Params:         0       0       0       0
      Locals:         0       0       0       0
      Temps:          0       2       0       0
      Totals:         0       2       0       0
Total ram usage:        2 bytes
 Hardware stack levels used:    1
 Hardware stack levels required when called:    3
 This function calls:
		_RefreshTimeCounter
		_SetValuesDisplays
 This function is called by:
		_InitTasks
		_ExecuteTask
 This function uses a non-reentrant model


 *************** function _Task2 *****************
 Defined at:
		line 165 in file "MainTaskMng.c"
 Parameters:    Size  Location     Type
		None
 Auto vars:     Size  Location     Type
		None
 Return value:  Size  Location     Type
		None               void
 Registers used:
		wreg, status,2, status,0, pclath, cstack
 Tracked objects:
		On entry : 
		On exit  : 
		Unchanged: 
 Data sizes:     COMMON   BANK0   BANK1   BANK2
      Params:         0       0       0       0
      Locals:         0       0       0       0
      Temps:          0       0       0       0
      Totals:         0       0       0       0
Total ram usage:        0 bytes
 Hardware stack levels used:    1
 Hardware stack levels required when called:    2
 This function calls:
		_RefreshBreathingLight
 This function is called by:
		_InitTasks
		_ExecuteTask
 This function uses a non-reentrant model


 *************** function _Task1 *****************
 Defined at:
		line 152 in file "MainTaskMng.c"
 Parameters:    Size  Location     Type
		None
 Auto vars:     Size  Location     Type
		None
 Return value:  Size  Location     Type
		None               void
 Registers used:
		wreg, fsr0l, fsr0h, status,2, status,0, pclath, cstack
 Tracked objects:
		On entry : 
		On exit  : 
		Unchanged: 
 Data sizes:     COMMON   BANK0   BANK1   BANK2
      Params:         0       0       0       0
      Locals:         0       0       0       0
      Temps:          0       1       0       0
      Totals:         0       1       0       0
Total ram usage:        1 bytes
 Hardware stack levels used:    1
 Hardware stack levels required when called:    4
 This function calls:
		_WriteDisplay
 This function is called by:
		_InitTasks
		_ExecuteTask
 This function uses a non-reentrant model


 *************** function _Task4 *****************
 Defined at:
		line 182 in file "MainTaskMng.c"
 Parameters:    Size  Location     Type
		None
 Auto vars:     Size  Location     Type
		None
 Return value:  Size  Location     Type
		None               void
 Registers used:
		wreg, status,2, status,0, pclath, cstack
 Tracked objects:
		On entry : 
		On exit  : 
		Unchanged: 
 Data sizes:     COMMON   BANK0   BANK1   BANK2
      Params:         0       0       0       0
      Locals:         0       0       0       0
      Temps:          0       0       0       0
      Totals:         0       0       0       0
Total ram usage:        0 bytes
 Hardware stack levels used:    1
 Hardware stack levels required when called:    2
 This function calls:
		_EnableOrDisableTimeCounter
 This function is called by:
		_InitTasks
		_ExecuteTask
 This function uses a non-reentrant model


 *************** function _EnableOrDisableTimeCounter *****************
 Defined at:
		line 53 in file "TimeCounter.c"
 Parameters:    Size  Location     Type
  YesOrNo         1    wreg     unsigned char 
 Auto vars:     Size  Location     Type
  YesOrNo         1    1[BANK0 ] unsigned char 
 Return value:  Size  Location     Type
		None               void
 Registers used:
		wreg
 Tracked objects:
		On entry : 
		On exit  : 
		Unchanged: 
 Data sizes:     COMMON   BANK0   BANK1   BANK2
      Params:         0       0       0       0
      Locals:         0       1       0       0
      Temps:          0       1       0       0
      Totals:         0       2       0       0
Total ram usage:        2 bytes
 Hardware stack levels used:    1
 Hardware stack levels required when called:    1
 This function calls:
		Nothing
 This function is called by:
		_Task4
 This function uses a non-reentrant model


 *************** function _SetValuesDisplays *****************
 Defined at:
		line 79 in file "Display7Segs.c"
 Parameters:    Size  Location     Type
  FirstValue      1    wreg     unsigned char 
  SecondValue     1    0[BANK0 ] unsigned char 
  ThirdValue      1    1[BANK0 ] unsigned char 
 Auto vars:     Size  Location     Type
  FirstValue      1    3[BANK0 ] unsigned char 
 Return value:  Size  Location     Type
		None               void
 Registers used:
		wreg, status,2
 Tracked objects:
		On entry : 
		On exit  : 
		Unchanged: 
 Data sizes:     COMMON   BANK0   BANK1   BANK2
      Params:         0       2       0       0
      Locals:         0       1       0       0
      Temps:          0       1       0       0
      Totals:         0       4       0       0
Total ram usage:        4 bytes
 Hardware stack levels used:    1
 Hardware stack levels required when called:    1
 This function calls:
		Nothing
 This function is called by:
		_Task3
		_main
 This function uses a non-reentrant model


 *************** function _RefreshTimeCounter *****************
 Defined at:
		line 25 in file "TimeCounter.c"
 Parameters:    Size  Location     Type
		None
 Auto vars:     Size  Location     Type
		None
 Return value:  Size  Location     Type
		None               void
 Registers used:
		wreg, status,2, status,0, pclath, cstack
 Tracked objects:
		On entry : 
		On exit  : 
		Unchanged: 
 Data sizes:     COMMON   BANK0   BANK1   BANK2
      Params:         0       0       0       0
      Locals:         0       0       0       0
      Temps:          0       1       0       0
      Totals:         0       1       0       0
Total ram usage:        1 bytes
 Hardware stack levels used:    1
 Hardware stack levels required when called:    2
 This function calls:
		_InitTimeCounter
 This function is called by:
		_Task3
 This function uses a non-reentrant model


 *************** function _InitTimeCounter *****************
 Defined at:
		line 15 in file "TimeCounter.c"
 Parameters:    Size  Location     Type
		None
 Auto vars:     Size  Location     Type
		None
 Return value:  Size  Location     Type
		None               void
 Registers used:
		status,2
 Tracked objects:
		On entry : 
		On exit  : 
		Unchanged: 
 Data sizes:     COMMON   BANK0   BANK1   BANK2
      Params:         0       0       0       0
      Locals:         0       0       0       0
      Temps:          0       0       0       0
      Totals:         0       0       0       0
Total ram usage:        0 bytes
 Hardware stack levels used:    1
 Hardware stack levels required when called:    1
 This function calls:
		Nothing
 This function is called by:
		_main
		_RefreshTimeCounter
 This function uses a non-reentrant model


 *************** function _RefreshBreathingLight *****************
 Defined at:
		line 14 in file "BreathingLight.c"
 Parameters:    Size  Location     Type
		None
 Auto vars:     Size  Location     Type
		None
 Return value:  Size  Location     Type
		None               void
 Registers used:
		wreg
 Tracked objects:
		On entry : 
		On exit  : 
		Unchanged: 
 Data sizes:     COMMON   BANK0   BANK1   BANK2
      Params:         0       0       0       0
      Locals:         0       0       0       0
      Temps:          0       0       0       0
      Totals:         0       0       0       0
Total ram usage:        0 bytes
 Hardware stack levels used:    1
 Hardware stack levels required when called:    1
 This function calls:
		Nothing
 This function is called by:
		_Task2
 This function uses a non-reentrant model


 *************** function _WriteDisplay *****************
 Defined at:
		line 29 in file "Display7Segs.c"
 Parameters:    Size  Location     Type
  Value           1    wreg     unsigned char 
  DisplayToWri    1    3[BANK0 ] unsigned char 
 Auto vars:     Size  Location     Type
  Value           1    4[BANK0 ] unsigned char 
 Return value:  Size  Location     Type
		None               void
 Registers used:
		wreg, fsr0l, fsr0h, status,2, status,0, pclath, cstack
 Tracked objects:
		On entry : 
		On exit  : 
		Unchanged: 
 Data sizes:     COMMON   BANK0   BANK1   BANK2
      Params:         0       1       0       0
      Locals:         0       1       0       0
      Temps:          0       0       0       0
      Totals:         0       2       0       0
Total ram usage:        2 bytes
 Hardware stack levels used:    1
 Hardware stack levels required when called:    3
 This function calls:
		_ConvertValue
 This function is called by:
		_Task1
 This function uses a non-reentrant model


 *************** function _ConvertValue *****************
 Defined at:
		line 65 in file "Display7Segs.c"
 Parameters:    Size  Location     Type
  Value           1    wreg     unsigned char 
 Auto vars:     Size  Location     Type
  Value           1    2[BANK0 ] unsigned char 
 Return value:  Size  Location     Type
		None               void
 Registers used:
		wreg, fsr0l, fsr0h, status,2, status,0, pclath
 Tracked objects:
		On entry : 
		On exit  : 
		Unchanged: 
 Data sizes:     COMMON   BANK0   BANK1   BANK2
      Params:         0       0       0       0
      Locals:         0       1       0       0
      Temps:          0       2       0       0
      Totals:         0       3       0       0
Total ram usage:        3 bytes
 Hardware stack levels used:    2
 Hardware stack levels required when called:    1
 This function calls:
		Nothing
 This function is called by:
		_WriteDisplay
 This function uses a non-reentrant model


 *************** function _ConfigTimer0 *****************
 Defined at:
		line 78 in file "MainTaskMng.c"
 Parameters:    Size  Location     Type
		None
 Auto vars:     Size  Location     Type
		None
 Return value:  Size  Location     Type
		None               void
 Registers used:
		wreg, status,2, status,0
 Tracked objects:
		On entry : 
		On exit  : 
		Unchanged: 
 Data sizes:     COMMON   BANK0   BANK1   BANK2
      Params:         0       0       0       0
      Locals:         0       0       0       0
      Temps:          0       0       0       0
      Totals:         0       0       0       0
Total ram usage:        0 bytes
 Hardware stack levels used:    1
 Hardware stack levels required when called:    1
 This function calls:
		Nothing
 This function is called by:
		_main
 This function uses a non-reentrant model


 *************** function _isr *****************
 Defined at:
		line 193 in file "MainTaskMng.c"
 Parameters:    Size  Location     Type
		None
 Auto vars:     Size  Location     Type
  i               1    7[COMMON] unsigned char 
 Return value:  Size  Location     Type
		None               void
 Registers used:
		wreg, fsr0l, fsr0h, status,2, status,0, btemp+1
 Tracked objects:
		On entry : 
		On exit  : 
		Unchanged: 
 Data sizes:     COMMON   BANK0   BANK1   BANK2
      Params:         0       0       0       0
      Locals:         1       0       0       0
      Temps:          7       0       0       0
      Totals:         8       0       0       0
Total ram usage:        8 bytes
 Hardware stack levels used:    1
 This function calls:
		Nothing
 This function is called by:
		Interrupt level 1
 This function uses a non-reentrant model



MODULE INFORMATION

Module		Function		Class		Link	Load	Size
TimeCounter.c
		_EnableOrDisabl		CODE           	0302	0000	9
		_RefreshTimeCou		CODE           	026E	0000	34
		_InitTimeCounte		CODE           	030A	0000	7

TimeCounter.c estimated size: 50

BreathingLight.c
		_RefreshBreathi		CODE           	0310	0000	6

BreathingLight.c estimated size: 6

Display7Segs.c
		_WriteDisplay  		CODE           	024A	0000	37
		_SetValuesDispl		CODE           	02C1	0000	18
		_ConvertValue  		CODE           	010A	0000	108

Display7Segs.c estimated size: 163

shared
		__stringtab    		STRING         	001C	0000	7
		__initializatio		CODE           	0011	0000	10
		_NumerosBCD    		STRING         	0022	0000	41
		__fptable      		CODE           	0100	0000	11

shared estimated size: 69

MainTaskMng.c
		_ConfigTimer0  		CODE           	02D2	0000	17
		_Task4         		CODE           	02F0	0000	11
		_main          		CODE           	028F	0000	28
		_isr           		CODE           	0175	0000	92
		_Task1         		CODE           	02AA	0000	24
		_InitTasks     		CODE           	0216	0000	53
		_ExecuteTask   		CODE           	01D0	0000	71
		_Task2         		CODE           	0315	0000	3
		_Task3         		CODE           	02E2	0000	15

MainTaskMng.c estimated size: 314

