Microchip MPLAB XC8 Compiler V1.34 ()

Linker command line:

--edf=C:\Program Files (x86)\Microchip\xc8\v1.34\dat\en_msgs.txt -cs \
  -h+dist/default/production\TaskMgr.X.production.sym \
  --cmf=dist/default/production\TaskMgr.X.production.cmf -z -Q16F628A \
  -oC:\Users\Pedro\AppData\Local\Temp\s8gc.6 \
  -Mdist/default/production/TaskMgr.X.production.map -E1 -ver=XC8 \
  -ASTACK=0A0h-0efh -pstack=STACK -ACODE=00h-07FFh -ASTRCODE=00h-07FFh \
  -ASTRING=00h-0FFhx8 -ACONST=00h-0FFhx8 -AENTRY=00h-0FFhx8 \
  -ACOMMON=070h-07Fh -ABANK0=020h-06Fh -ABANK1=0A0h-0EFh \
  -ABANK2=0120h-014Fh -ARAM=020h-06Fh,0A0h-0EFh,0120h-014Fh \
  -AABS1=020h-07Fh,0A0h-0EFh,0120h-014Fh -ASFR0=00h-01Fh -ASFR1=080h-09Fh \
  -ASFR2=0100h-011Fh -ASFR3=0180h-01EFh \
  -preset_vec=00h,intentry=04h,init,end_init -ppowerup=CODE -pcinit=CODE \
  -pfunctab=CODE -ACONFIG=02007h-02007h -pconfig=CONFIG -DCONFIG=2 \
  -AIDLOC=02000h-02003h -pidloc=IDLOC -DIDLOC=2 -AEEDATA=00h-07Fh/02100h \
  -peeprom_data=EEDATA -DEEDATA=2 -DCODE=2 -DSTRCODE=2 -DSTRING=2 -DCONST=2 \
  -DENTRY=2 -k C:\Users\Pedro\AppData\Local\Temp\s8gc.obj \
  dist/default/production\TaskMgr.X.production.obj 

Object code version is 3.11

Machine type is 16F628A



                Name                               Link     Load   Length Selector   Space Scale
C:\Users\Pedro\AppData\Local\Temp\s8gc.obj
                end_init                             10       10        1        8       0
                reset_vec                             0        0        1        0       0
                config                             2007     2007        1     400E       0
dist/default/production\TaskMgr.X.production.obj
                cinit                                11       11        A        8       0
                functab                             100      100        A        2       0
                intentry                              4        4        C        8       0
                text8                               10A      10A       5B        2       0
                text7                               1F3      1F3       10        2       0
                text6                               20E      20E        1        2       0
                text5                               20D      20D        1        2       0
                text4                               20C      20C        1        2       0
                text3                               20B      20B        1        2       0
                text2                               165      165       46        2       0
                text1                               1AB      1AB       34        2       0
                maintext                            1DF      1DF       14        2       0
                cstackBANK0                          35       35        5       20       1
                cstackCOMMON                         70       70        8       70       1
                clrtext                             203      203        8        2       0
                bssBANK0                             20       20       15       20       1
                bssCOMMON                            78       78        3       70       1

TOTAL           Name                               Link     Load   Length     Space
        CLASS   STACK          

        CLASS   CODE           
                end_init                             10       10        1         0
                cinit                                11       11        A         0
                functab                             100      100        A         0
                intentry                              4        4        C         0
                reset_vec                             0        0        1         0
                text8                               10A      10A       5B         0
                text7                               1F3      1F3       10         0
                text6                               20E      20E        1         0
                text5                               20D      20D        1         0
                text4                               20C      20C        1         0
                text3                               20B      20B        1         0
                text2                               165      165       46         0
                text1                               1AB      1AB       34         0
                maintext                            1DF      1DF       14         0
                clrtext                             203      203        8         0

        CLASS   STRCODE        

        CLASS   STRING         

        CLASS   CONST          

        CLASS   ENTRY          

        CLASS   COMMON         
                cstackCOMMON                         70       70        8         1
                bssCOMMON                            78       78        3         1

        CLASS   BANK0          
                cstackBANK0                          35       35        5         1
                bssBANK0                             20       20       15         1

        CLASS   BANK1          

        CLASS   BANK2          

        CLASS   RAM            

        CLASS   ABS1           
                abs_s1                               7E       7E        2         1

        CLASS   SFR0           

        CLASS   SFR1           

        CLASS   SFR2           

        CLASS   SFR3           

        CLASS   CONFIG         
                config                             2007     2007        1         0

        CLASS   IDLOC          

        CLASS   EEDATA         

        CLASS   BANK3          



SEGMENTS        Name                           Load    Length   Top    Selector   Space  Class     Delta

                reset_vec                      000000  000001  000001         0       0  CODE        2
                intentry                       000004  000017  00001B         8       0  CODE        2
                bssBANK0                       000020  00001A  00003A        20       1  BANK0       1
                cstackCOMMON                   000070  00000B  00007B        70       1  COMMON      1
                functab                        000100  00010F  00020F         2       0  CODE        2
                config                         002007  000001  002008      400E       0  CONFIG      2


UNUSED ADDRESS RANGES

        Name                Unused          Largest block    Delta
        BANK0            003A-006F             36           1
        BANK1            00A0-00EF             50           1
        BANK2            0120-014F             30           1
        CODE             0001-0003              3           2
                         001B-00FF             E5
                         020F-07FF            5F1
        COMMON           007B-007D              3           1
        CONST            0001-0003              3           2
                         001B-00FF             E5
                         020F-07FF            100
        EEDATA           2100-217F             80           2
        ENTRY            0001-0003              3           2
                         001B-00FF             E5
                         020F-07FF            100
        IDLOC            2000-2003              4           2
        RAM              003A-006F             36           1
                         00A0-00EF             50
                         0120-014F             30
        SFR0             0000-001F             20           1
        SFR1             0080-009F             20           1
        SFR2             0100-011F             20           1
        SFR3             0180-01EF             70           1
        STACK            00A0-00EF             50           1
        STRCODE          0001-0003              3           2
                         001B-00FF             E5
                         020F-07FF            5F1
        STRING           0001-0003              3           2
                         001B-00FF             E5
                         020F-07FF            100

                                  Symbol Table

ExecuteTask@i             cstackBANK0  0039
_ConfigTimer0             text7        01F3
_ExecuteTask              text2        0165
_INTCONbits               (abs)        000B
_InitTasks                text1        01AB
_OPTION_REGbits           (abs)        0081
_PCL                      (abs)        0002
_PCLATH                   (abs)        000A
_PORTB                    (abs)        0006
_RecentTasksTimeToExecute bssBANK0     0020
_ScheduledTasks           bssBANK0     0030
_T0IF                     (abs)        005A
_TMR0                     (abs)        0001
_TMR0IF                   (abs)        005A
_TRISA                    (abs)        0085
_TRISB                    (abs)        0086
_Task1                    text5        020D
_Task2                    text4        020C
_Task3                    text3        020B
_Task4                    text6        020E
_TaskIsExecuting          bssCOMMON    007A
_TaskTimeout              bssCOMMON    0078
_TimeScheduledTasks       bssBANK0     0028
_Timer0IntGeneraed        bssBANK0     0034
__CFG_BOREN$OFF           (abs)        0000
__CFG_CP$OFF              (abs)        0000
__CFG_CPD$OFF             (abs)        0000
__CFG_FOSC$XT             (abs)        0000
__CFG_LVP$OFF             (abs)        0000
__CFG_MCLRE$OFF           (abs)        0000
__CFG_PWRTE$OFF           (abs)        0000
__CFG_WDTE$OFF            (abs)        0000
__Habs1                   abs1         0000
__Hbank0                  bank0        0000
__Hbank1                  bank1        0000
__Hbank2                  bank2        0000
__Hbank3                  bank3        0000
__HbssBANK0               bssBANK0     0000
__HbssCOMMON              bssCOMMON    0000
__Hcinit                  cinit        001B
__Hclrtext                clrtext      0000
__Hcode                   code         0000
__Hcommon                 common       0000
__Hconfig                 config       2008
__HcstackBANK0            cstackBANK0  0000
__HcstackCOMMON           cstackCOMMON 0000
__Heeprom_data            eeprom_data  0000
__Hend_init               end_init     0011
__Hfunctab                functab      010A
__Hidloc                  idloc        0000
__Hinit                   init         0010
__Hintentry               intentry     0010
__Hmaintext               maintext     0000
__Hpowerup                powerup      0000
__Hram                    ram          0000
__Hreset_vec              reset_vec    0001
__Hsfr0                   sfr0         0000
__Hsfr1                   sfr1         0000
__Hsfr2                   sfr2         0000
__Hsfr3                   sfr3         0000
__Hspace_0                (abs)        2008
__Hspace_1                (abs)        007B
__Hspace_2                (abs)        0000
__Hspace_3                (abs)        0000
__Hstack                  stack        0000
__Hstrings                strings      0000
__Htext                   text         0000
__Labs1                   abs1         0000
__Lbank0                  bank0        0000
__Lbank1                  bank1        0000
__Lbank2                  bank2        0000
__Lbank3                  bank3        0000
__LbssBANK0               bssBANK0     0000
__LbssCOMMON              bssCOMMON    0000
__Lcinit                  cinit        0011
__Lclrtext                clrtext      0000
__Lcode                   code         0000
__Lcommon                 common       0000
__Lconfig                 config       2007
__LcstackBANK0            cstackBANK0  0000
__LcstackCOMMON           cstackCOMMON 0000
__Leeprom_data            eeprom_data  0000
__Lend_init               end_init     0010
__Lfunctab                functab      0100
__Lidloc                  idloc        0000
__Linit                   init         0010
__Lintentry               intentry     0004
__Lmaintext               maintext     0000
__Lpowerup                powerup      0000
__Lram                    ram          0000
__Lreset_vec              reset_vec    0000
__Lsfr0                   sfr0         0000
__Lsfr1                   sfr1         0000
__Lsfr2                   sfr2         0000
__Lsfr3                   sfr3         0000
__Lspace_0                (abs)        0000
__Lspace_1                (abs)        0000
__Lspace_2                (abs)        0000
__Lspace_3                (abs)        0000
__Lstack                  stack        0000
__Lstrings                strings      0000
__Ltext                   text         0000
__S0                      (abs)        2008
__S1                      (abs)        007B
__S2                      (abs)        0000
__S3                      (abs)        0000
___int_sp                 stack        0000
___latbits                (abs)        0000
___sp                     stack        0000
__end_of_ConfigTimer0     text7        0203
__end_of_ExecuteTask      text2        01AB
__end_of_InitTasks        text1        01DF
__end_of_Task1            text5        020E
__end_of_Task2            text4        020D
__end_of_Task3            text3        020C
__end_of_Task4            text6        020F
__end_of__fptable         functab      010A
__end_of__initialization  cinit        0019
__end_of_isr              text8        0165
__end_of_main             maintext     01F3
__fptable                 functab      0100
__initialization          cinit        0011
__pbssBANK0               bssBANK0     0020
__pbssCOMMON              bssCOMMON    0078
__pcstackBANK0            cstackBANK0  0035
__pcstackCOMMON           cstackCOMMON 0070
__pfunctab                functab      0100
__pintentry               intentry     0004
__pmaintext               maintext     01DF
__ptext0                  text0        0000
__ptext1                  text1        01AB
__ptext2                  text2        0165
__ptext3                  text3        020B
__ptext4                  text4        020C
__ptext5                  text5        020D
__ptext6                  text6        020E
__ptext7                  text7        01F3
__ptext8                  text8        010A
__size_of_ConfigTimer0    (abs)        0000
__size_of_ExecuteTask     (abs)        0000
__size_of_InitTasks       (abs)        0000
__size_of_Task1           (abs)        0000
__size_of_Task2           (abs)        0000
__size_of_Task3           (abs)        0000
__size_of_Task4           (abs)        0000
__size_of__fptable        (abs)        0000
__size_of_isr             (abs)        0000
__size_of_main            (abs)        0000
_isr                      text8        010A
_main                     maintext     01DF
btemp                     (abs)        007E
clear_ram0                clrtext      0203
end_of_initialization     cinit        0019
fpbase                    functab      0105
fptable                   functab      0100
fptotal                   (abs)        0008
interrupt_function        intentry     0004
intlevel0                 functab      0100
intlevel1                 functab      0100
intlevel2                 functab      0100
intlevel3                 functab      0100
intlevel4                 functab      0100
intlevel5                 functab      0100
isr@i                     cstackCOMMON 0077
ltemp                     (abs)        007E
ltemp0                    (abs)        007E
ltemp1                    (abs)        0082
ltemp2                    (abs)        0086
ltemp3                    (abs)        0080
reset_vec                 reset_vec    0000
saved_w                   (abs)        007E
stackhi                   (abs)        0000
stacklo                   (abs)        0000
start                     init         0010
start_initialization      cinit        0011
ttemp                     (abs)        007E
ttemp0                    (abs)        007E
ttemp1                    (abs)        0081
ttemp2                    (abs)        0084
ttemp3                    (abs)        0087
ttemp4                    (abs)        007F
wtemp                     (abs)        007E
wtemp0                    (abs)        007E
wtemp1                    (abs)        0080
wtemp2                    (abs)        0082
wtemp3                    (abs)        0084
wtemp4                    (abs)        0086
wtemp5                    (abs)        0088
wtemp6                    (abs)        007F


FUNCTION INFORMATION:

 *************** function _main *****************
 Defined at:
		line 215 in file "MainTaskMng.c"
 Parameters:    Size  Location     Type
		None
 Auto vars:     Size  Location     Type
		None
 Return value:  Size  Location     Type
		None               void
 Registers used:
		wreg, fsr0l, fsr0h, status,2, status,0, pclath, cstack
 Tracked objects:
		On entry : 
		On exit  : 
		Unchanged: 
 Data sizes:     COMMON   BANK0   BANK1   BANK2
      Params:         0       0       0       0
      Locals:         0       0       0       0
      Temps:          0       0       0       0
      Totals:         0       0       0       0
Total ram usage:        0 bytes
 Hardware stack levels required when called:    3
 This function calls:
		_ConfigTimer0
		_ExecuteTask
		_InitTasks
 This function is called by:
		Startup code after reset
 This function uses a non-reentrant model


 *************** function _InitTasks *****************
 Defined at:
		line 99 in file "MainTaskMng.c"
 Parameters:    Size  Location     Type
		None
 Auto vars:     Size  Location     Type
		None
 Return value:  Size  Location     Type
		None               void
 Registers used:
		wreg, status,2
 Tracked objects:
		On entry : 
		On exit  : 
		Unchanged: 
 Data sizes:     COMMON   BANK0   BANK1   BANK2
      Params:         0       0       0       0
      Locals:         0       0       0       0
      Temps:          0       1       0       0
      Totals:         0       1       0       0
Total ram usage:        1 bytes
 Hardware stack levels used:    1
 Hardware stack levels required when called:    1
 This function calls:
		Nothing
 This function is called by:
		_main
 This function uses a non-reentrant model


 *************** function _ExecuteTask *****************
 Defined at:
		line 126 in file "MainTaskMng.c"
 Parameters:    Size  Location     Type
		None
 Auto vars:     Size  Location     Type
  i               1    4[BANK0 ] unsigned char 
 Return value:  Size  Location     Type
		None               void
 Registers used:
		wreg, fsr0l, fsr0h, status,2, status,0, pclath, cstack
 Tracked objects:
		On entry : 
		On exit  : 
		Unchanged: 
 Data sizes:     COMMON   BANK0   BANK1   BANK2
      Params:         0       0       0       0
      Locals:         0       1       0       0
      Temps:          0       4       0       0
      Totals:         0       5       0       0
Total ram usage:        5 bytes
 Hardware stack levels used:    1
 Hardware stack levels required when called:    2
 This function calls:
		_Task1
		_Task2
		_Task3
		_Task4
 This function is called by:
		_main
 This function uses a non-reentrant model


 *************** function _Task3 *****************
 Defined at:
		line 162 in file "MainTaskMng.c"
 Parameters:    Size  Location     Type
		None
 Auto vars:     Size  Location     Type
		None
 Return value:  Size  Location     Type
		None               void
 Registers used:
		None
 Tracked objects:
		On entry : 
		On exit  : 
		Unchanged: 
 Data sizes:     COMMON   BANK0   BANK1   BANK2
      Params:         0       0       0       0
      Locals:         0       0       0       0
      Temps:          0       0       0       0
      Totals:         0       0       0       0
Total ram usage:        0 bytes
 Hardware stack levels used:    1
 Hardware stack levels required when called:    1
 This function calls:
		Nothing
 This function is called by:
		_InitTasks
		_ExecuteTask
 This function uses a non-reentrant model


 *************** function _Task2 *****************
 Defined at:
		line 154 in file "MainTaskMng.c"
 Parameters:    Size  Location     Type
		None
 Auto vars:     Size  Location     Type
		None
 Return value:  Size  Location     Type
		None               void
 Registers used:
		None
 Tracked objects:
		On entry : 
		On exit  : 
		Unchanged: 
 Data sizes:     COMMON   BANK0   BANK1   BANK2
      Params:         0       0       0       0
      Locals:         0       0       0       0
      Temps:          0       0       0       0
      Totals:         0       0       0       0
Total ram usage:        0 bytes
 Hardware stack levels used:    1
 Hardware stack levels required when called:    1
 This function calls:
		Nothing
 This function is called by:
		_InitTasks
		_ExecuteTask
 This function uses a non-reentrant model


 *************** function _Task1 *****************
 Defined at:
		line 146 in file "MainTaskMng.c"
 Parameters:    Size  Location     Type
		None
 Auto vars:     Size  Location     Type
		None
 Return value:  Size  Location     Type
		None               void
 Registers used:
		None
 Tracked objects:
		On entry : 
		On exit  : 
		Unchanged: 
 Data sizes:     COMMON   BANK0   BANK1   BANK2
      Params:         0       0       0       0
      Locals:         0       0       0       0
      Temps:          0       0       0       0
      Totals:         0       0       0       0
Total ram usage:        0 bytes
 Hardware stack levels used:    1
 Hardware stack levels required when called:    1
 This function calls:
		Nothing
 This function is called by:
		_InitTasks
		_ExecuteTask
 This function uses a non-reentrant model


 *************** function _Task4 *****************
 Defined at:
		line 170 in file "MainTaskMng.c"
 Parameters:    Size  Location     Type
		None
 Auto vars:     Size  Location     Type
		None
 Return value:  Size  Location     Type
		None               void
 Registers used:
		None
 Tracked objects:
		On entry : 
		On exit  : 
		Unchanged: 
 Data sizes:     COMMON   BANK0   BANK1   BANK2
      Params:         0       0       0       0
      Locals:         0       0       0       0
      Temps:          0       0       0       0
      Totals:         0       0       0       0
Total ram usage:        0 bytes
 Hardware stack levels used:    1
 Hardware stack levels required when called:    1
 This function calls:
		Nothing
 This function is called by:
		_InitTasks
		_ExecuteTask
 This function uses a non-reentrant model


 *************** function _ConfigTimer0 *****************
 Defined at:
		line 72 in file "MainTaskMng.c"
 Parameters:    Size  Location     Type
		None
 Auto vars:     Size  Location     Type
		None
 Return value:  Size  Location     Type
		None               void
 Registers used:
		wreg, status,2, status,0
 Tracked objects:
		On entry : 
		On exit  : 
		Unchanged: 
 Data sizes:     COMMON   BANK0   BANK1   BANK2
      Params:         0       0       0       0
      Locals:         0       0       0       0
      Temps:          0       0       0       0
      Totals:         0       0       0       0
Total ram usage:        0 bytes
 Hardware stack levels used:    1
 Hardware stack levels required when called:    1
 This function calls:
		Nothing
 This function is called by:
		_main
 This function uses a non-reentrant model


 *************** function _isr *****************
 Defined at:
		line 178 in file "MainTaskMng.c"
 Parameters:    Size  Location     Type
		None
 Auto vars:     Size  Location     Type
  i               1    7[COMMON] unsigned char 
 Return value:  Size  Location     Type
		None               void
 Registers used:
		wreg, fsr0l, fsr0h, status,2, status,0, btemp+1
 Tracked objects:
		On entry : 
		On exit  : 
		Unchanged: 
 Data sizes:     COMMON   BANK0   BANK1   BANK2
      Params:         0       0       0       0
      Locals:         1       0       0       0
      Temps:          7       0       0       0
      Totals:         8       0       0       0
Total ram usage:        8 bytes
 Hardware stack levels used:    1
 This function calls:
		Nothing
 This function is called by:
		Interrupt level 1
 This function uses a non-reentrant model



MODULE INFORMATION

Module		Function		Class		Link	Load	Size
shared
		__initializatio		CODE           	0011	0000	9
		__fptable      		CODE           	0100	0000	11

shared estimated size: 20

MainTaskMng.c
		_ConfigTimer0  		CODE           	01F3	0000	17
		_Task4         		CODE           	020E	0000	2
		_main          		CODE           	01DF	0000	21
		_isr           		CODE           	010A	0000	92
		_Task1         		CODE           	020D	0000	2
		_InitTasks     		CODE           	01AB	0000	53
		_ExecuteTask   		CODE           	0165	0000	71
		_Task2         		CODE           	020C	0000	2
		_Task3         		CODE           	020B	0000	2

MainTaskMng.c estimated size: 262

